---
source: crates/pbs-mcp/pbsmcp/tests/e2e.rs
expression: s.transcript()
---
[
  {
    "call": {
      "arguments": {
        "tail": 50,
        "upid": "UPID:pbs01:00001F00:00AB0000:00000000:66F0C000:garbage_collection:nas-01:root@pam:"
      },
      "tool": "task_log"
    },
    "response": {
      "ok": {
        "lines": [
          {
            "n": 1,
            "t": "starting garbage collection on store nas-01"
          },
          {
            "n": 2,
            "t": "Start GC phase1 (mark used chunks)"
          },
          {
            "n": 3,
            "t": "marked 1% (18 of 1843 index files)"
          }
        ],
        "start": 0,
        "total": 3
      }
    },
    "upstream": [
      {
        "authorization": "PBSAPIToken=mcp@pbs!homelab:2f9c1d7e-5b8a-4c3f-9e21-7a6b5c4d3e2f",
        "method": "GET",
        "path": "/api2/json/nodes/localhost/tasks/UPID%3Apbs01%3A00001F00%3A00AB0000%3A00000000%3A66F0C000%3Agarbage_collection%3Anas-01%3Aroot%40pam%3A/log",
        "query": [
          [
            "start",
            "0"
          ],
          [
            "limit",
            "1"
          ]
        ]
      },
      {
        "authorization": "PBSAPIToken=mcp@pbs!homelab:2f9c1d7e-5b8a-4c3f-9e21-7a6b5c4d3e2f",
        "method": "GET",
        "path": "/api2/json/nodes/localhost/tasks/UPID%3Apbs01%3A00001F00%3A00AB0000%3A00000000%3A66F0C000%3Agarbage_collection%3Anas-01%3Aroot%40pam%3A/log",
        "query": [
          [
            "start",
            "0"
          ],
          [
            "limit",
            "50"
          ]
        ]
      }
    ]
  }
]
