---
source: crates/postgres-mcp/pgmcp/tests/e2e.rs
expression: rows
---
[
  {
    "ci_provider": "github",
    "created_at": "2024-01-15T09:30:00+00:00",
    "full_name": "Amadeus Mader",
    "login": "amadeus",
    "name": "homelab-mcp-servers",
    "open_issues": 1250,
    "settings": {
      "ci": {
        "provider": "github",
        "required": true
      },
      "default_branch": "main"
    },
    "size_mb": 12.5,
    "stars": 42,
    "topics": [
      "rust",
      "mcp"
    ]
  },
  {
    "ci_provider": null,
    "created_at": "2024-01-15T09:30:00+00:00",
    "full_name": "Amadeus Mader",
    "login": "amadeus",
    "name": "pve-nixos-homelab",
    "open_issues": 1250,
    "settings": null,
    "size_mb": 0.25,
    "stars": 7,
    "topics": [
      "nix"
    ]
  },
  {
    "ci_provider": null,
    "created_at": "2024-02-01T00:00:00+00:00",
    "full_name": null,
    "login": "renovate",
    "name": null,
    "open_issues": 0,
    "settings": null,
    "size_mb": null,
    "stars": null,
    "topics": null
  },
  {
    "ci_provider": null,
    "created_at": "2024-03-10T16:45:12.5+00:00",
    "full_name": "Zoë Ünïcødé 🦀",
    "login": "zoë",
    "name": "dotfiles",
    "open_issues": 1250,
    "settings": {
      "archived": true
    },
    "size_mb": null,
    "stars": 0,
    "topics": []
  }
]
